../Core/Src/main.c:87:5:main	8	static
../Core/Src/main.c:140:6:SystemClock_Config	88	static
../Core/Src/main.c:186:13:MX_CRC_Init	8	static
../Core/Src/main.c:212:13:MX_DMA2D_Init	8	static
../Core/Src/main.c:249:13:MX_I2C3_Init	8	static
../Core/Src/main.c:297:13:MX_LTDC_Init	64	static
../Core/Src/main.c:359:13:MX_SPI5_Init	8	static
../Core/Src/main.c:397:13:MX_TIM1_Init	32	static
../Core/Src/main.c:443:13:MX_USART1_UART_Init	8	static
../Core/Src/main.c:472:13:MX_FMC_Init	40	static
../Core/Src/main.c:523:13:MX_GPIO_Init	64	static
../Core/Src/main.c:629:6:HAL_TIM_PeriodElapsedCallback	16	static
../Core/Src/main.c:646:6:Error_Handler	4	static,ignoring_inline_asm
