../Drivers/STM32F429I-Discovery-BSP/stm32f429i_discovery.c:161:10:BSP_GetVersion	4	static
../Drivers/STM32F429I-Discovery-BSP/stm32f429i_discovery.c:173:6:BSP_LED_Init	48	static
../Drivers/STM32F429I-Discovery-BSP/stm32f429i_discovery.c:198:6:BSP_LED_On	16	static
../Drivers/STM32F429I-Discovery-BSP/stm32f429i_discovery.c:210:6:BSP_LED_Off	16	static
../Drivers/STM32F429I-Discovery-BSP/stm32f429i_discovery.c:222:6:BSP_LED_Toggle	16	static
../Drivers/STM32F429I-Discovery-BSP/stm32f429i_discovery.c:237:6:BSP_PB_Init	40	static
../Drivers/STM32F429I-Discovery-BSP/stm32f429i_discovery.c:274:10:BSP_PB_GetState	16	static
../Drivers/STM32F429I-Discovery-BSP/stm32f429i_discovery.c:289:13:I2Cx_MspInit	48	static
../Drivers/STM32F429I-Discovery-BSP/stm32f429i_discovery.c:403:13:I2Cx_Init	8	static
../Drivers/STM32F429I-Discovery-BSP/stm32f429i_discovery.c:426:13:I2Cx_ITConfig	32	static
../Drivers/STM32F429I-Discovery-BSP/stm32f429i_discovery.c:450:13:I2Cx_WriteData	40	static
../Drivers/STM32F429I-Discovery-BSP/stm32f429i_discovery.c:471:13:I2Cx_WriteBuffer	40	static
../Drivers/STM32F429I-Discovery-BSP/stm32f429i_discovery.c:491:16:I2Cx_ReadData	40	static
../Drivers/STM32F429I-Discovery-BSP/stm32f429i_discovery.c:516:16:I2Cx_ReadBuffer	40	static
../Drivers/STM32F429I-Discovery-BSP/stm32f429i_discovery.c:601:13:I2Cx_Error	8	static
../Drivers/STM32F429I-Discovery-BSP/stm32f429i_discovery.c:615:13:SPIx_Init	8	static
../Drivers/STM32F429I-Discovery-BSP/stm32f429i_discovery.c:653:17:SPIx_Read	24	static
../Drivers/STM32F429I-Discovery-BSP/stm32f429i_discovery.c:674:13:SPIx_Write	24	static
../Drivers/STM32F429I-Discovery-BSP/stm32f429i_discovery.c:694:16:SPIx_WriteRead	32	static
../Drivers/STM32F429I-Discovery-BSP/stm32f429i_discovery.c:711:13:SPIx_Error	8	static
../Drivers/STM32F429I-Discovery-BSP/stm32f429i_discovery.c:724:13:SPIx_MspInit	48	static
../Drivers/STM32F429I-Discovery-BSP/stm32f429i_discovery.c:748:6:LCD_IO_Init	40	static
../Drivers/STM32F429I-Discovery-BSP/stm32f429i_discovery.c:792:6:LCD_IO_WriteData	16	static
../Drivers/STM32F429I-Discovery-BSP/stm32f429i_discovery.c:808:6:LCD_IO_WriteReg	16	static
../Drivers/STM32F429I-Discovery-BSP/stm32f429i_discovery.c:827:10:LCD_IO_ReadData	24	static
../Drivers/STM32F429I-Discovery-BSP/stm32f429i_discovery.c:854:6:LCD_Delay	16	static
../Drivers/STM32F429I-Discovery-BSP/stm32f429i_discovery.c:868:6:IOE_Init	8	static
../Drivers/STM32F429I-Discovery-BSP/stm32f429i_discovery.c:876:6:IOE_ITConfig	8	static
../Drivers/STM32F429I-Discovery-BSP/stm32f429i_discovery.c:887:6:IOE_Write	16	static
../Drivers/STM32F429I-Discovery-BSP/stm32f429i_discovery.c:898:9:IOE_Read	16	static
../Drivers/STM32F429I-Discovery-BSP/stm32f429i_discovery.c:910:6:IOE_WriteMultiple	16	static
../Drivers/STM32F429I-Discovery-BSP/stm32f429i_discovery.c:923:10:IOE_ReadMultiple	16	static
../Drivers/STM32F429I-Discovery-BSP/stm32f429i_discovery.c:932:6:IOE_Delay	16	static
../Drivers/STM32F429I-Discovery-BSP/stm32f429i_discovery.c:942:6:GYRO_IO_Init	40	static
../Drivers/STM32F429I-Discovery-BSP/stm32f429i_discovery.c:975:6:GYRO_IO_Write	16	static
../Drivers/STM32F429I-Discovery-BSP/stm32f429i_discovery.c:1009:6:GYRO_IO_Read	16	static
